// Jest Snapshot v1, https://goo.gl/fbAQLP

exports[`renders correctly 1`] = `
<View
  style={
    Object {
      "alignItems": "flex-end",
      "borderBottomColor": "#f2f6fa",
      "borderBottomWidth": 1,
      "display": "flex",
      "flexDirection": "row",
      "height": 160.07999999999998,
      "justifyContent": "flex-start",
      "paddingBottom": 2,
      "paddingLeft": 12,
      "paddingRight": 12,
    }
  }
>
  <Text
    style={
      Object {
        "color": "black",
        "fontSize": 60.03,
        "fontWeight": "bold",
      }
    }
  >
    Hi
  </Text>
  <View
    style={
      Object {
        "flex": 1,
        "flexDirection": "row",
      }
    }
  />
</View>
`;
