// Jest Snapshot v1, https://goo.gl/fbAQLP

exports[`completed surveys renders correctly 1`] = `
<View
  style={
    Object {
      "display": "flex",
      "flexDirection": "row",
      "flexWrap": "wrap",
      "padding": 6,
      "width": "100%",
    }
  }
>
  <View
    accessible={true}
    focusable={true}
    onClick={[Function]}
    onResponderGrant={[Function]}
    onResponderMove={[Function]}
    onResponderRelease={[Function]}
    onResponderTerminate={[Function]}
    onResponderTerminationRequest={[Function]}
    onStartShouldSetResponder={[Function]}
    style={
      Object {
        "opacity": 1,
        "width": "50%",
      }
    }
  >
    <View
      style={
        Object {
          "backgroundColor": "#00897b",
          "borderRadius": 16,
          "margin": 6,
          "minHeight": 120,
          "opacity": 0.33,
          "padding": 24,
        }
      }
    >
      <Text
        style={
          Object {
            "color": "white",
            "fontSize": 24,
            "fontWeight": "bold",
          }
        }
      >
        social
      </Text>
    </View>
  </View>
  <View
    accessible={true}
    focusable={true}
    onClick={[Function]}
    onResponderGrant={[Function]}
    onResponderMove={[Function]}
    onResponderRelease={[Function]}
    onResponderTerminate={[Function]}
    onResponderTerminationRequest={[Function]}
    onStartShouldSetResponder={[Function]}
    style={
      Object {
        "opacity": 1,
        "width": "50%",
      }
    }
  >
    <View
      style={
        Object {
          "backgroundColor": "#ffa000",
          "borderRadius": 16,
          "margin": 6,
          "minHeight": 120,
          "opacity": 0.33,
          "padding": 24,
        }
      }
    >
      <Text
        style={
          Object {
            "color": "white",
            "fontSize": 24,
            "fontWeight": "bold",
          }
        }
      >
        emotional
      </Text>
    </View>
  </View>
  <View
    accessible={true}
    focusable={true}
    onClick={[Function]}
    onResponderGrant={[Function]}
    onResponderMove={[Function]}
    onResponderRelease={[Function]}
    onResponderTerminate={[Function]}
    onResponderTerminationRequest={[Function]}
    onStartShouldSetResponder={[Function]}
    style={
      Object {
        "opacity": 1,
        "width": "50%",
      }
    }
  >
    <View
      style={
        Object {
          "backgroundColor": "#303f9f",
          "borderRadius": 16,
          "margin": 6,
          "minHeight": 120,
          "opacity": 0.33,
          "padding": 24,
        }
      }
    >
      <Text
        style={
          Object {
            "color": "white",
            "fontSize": 24,
            "fontWeight": "bold",
          }
        }
      >
        physical
      </Text>
    </View>
  </View>
  <View
    accessible={true}
    focusable={true}
    onClick={[Function]}
    onResponderGrant={[Function]}
    onResponderMove={[Function]}
    onResponderRelease={[Function]}
    onResponderTerminate={[Function]}
    onResponderTerminationRequest={[Function]}
    onStartShouldSetResponder={[Function]}
    style={
      Object {
        "opacity": 1,
        "width": "50%",
      }
    }
  >
    <View
      style={
        Object {
          "backgroundColor": "#c6282b",
          "borderRadius": 16,
          "margin": 6,
          "minHeight": 120,
          "opacity": 0.33,
          "padding": 24,
        }
      }
    >
      <Text
        style={
          Object {
            "color": "white",
            "fontSize": 24,
            "fontWeight": "bold",
          }
        }
      >
        mental
      </Text>
    </View>
  </View>
  <View
    accessible={true}
    focusable={true}
    onClick={[Function]}
    onResponderGrant={[Function]}
    onResponderMove={[Function]}
    onResponderRelease={[Function]}
    onResponderTerminate={[Function]}
    onResponderTerminationRequest={[Function]}
    onStartShouldSetResponder={[Function]}
    style={
      Object {
        "opacity": 1,
        "width": "50%",
      }
    }
  >
    <View
      style={
        Object {
          "backgroundColor": "#673ab7",
          "borderRadius": 16,
          "margin": 6,
          "minHeight": 120,
          "opacity": 0.33,
          "padding": 24,
        }
      }
    >
      <Text
        style={
          Object {
            "color": "white",
            "fontSize": 24,
            "fontWeight": "bold",
          }
        }
      >
        spiritual
      </Text>
    </View>
  </View>
  <View
    accessible={true}
    focusable={true}
    onClick={[Function]}
    onResponderGrant={[Function]}
    onResponderMove={[Function]}
    onResponderRelease={[Function]}
    onResponderTerminate={[Function]}
    onResponderTerminationRequest={[Function]}
    onStartShouldSetResponder={[Function]}
    style={
      Object {
        "alignItems": "center",
        "display": "flex",
        "opacity": 1,
        "width": "50%",
      }
    }
  >
    <View
      style={
        Object {
          "alignItems": "center",
          "backgroundColor": "#e2e4ef",
          "borderRadius": 400,
          "display": "flex",
          "justifyContent": "center",
          "margin": 6,
          "minHeight": 120,
          "opacity": 0.33,
          "padding": 24,
          "width": 120,
        }
      }
    >
      <Text
        style={
          Object {
            "color": "black",
            "fontSize": 24,
            "fontWeight": "bold",
          }
        }
      >
        Begin
      </Text>
    </View>
  </View>
</View>
`;
